FPGA型<=>FPGA-based
FPGA型FX2<=>FPGA FX2
GPU渲染型<=>GPU Rendering
GPU渲染型GA2<=>GPU Rendering GA2
GPU计算型<=>GPU Compute
GPU计算型GN10<=>GPU Compute GN10
GPU计算型GN2<=>GPU Compute GN2
GPU计算型GN6<=>GPU Compute GN6
GPU计算型GN8<=>GPU Compute GN8
IOPS，以较低的成本提供超高 IOPS。适合高性能关系型数据库、Elasticsearch等 IO<=>allowing customers to achieve up to one million IOPS with low cost.It's the best choice for businesses with intensive IO,
Intel skylake CPU，建议用于中小型Web应用、中小型数据库<=>Intel Skylake CPU. It's applicable to small- and medium-scale web applications and database
Open专区<=>Open Zone
SSD云硬盘<=>SSD cloud disk
Turbo 频率高达 2.55 GHz，可用于各种类型和规模的企业级应用<=>Turbo frequency up to 2.55GHz.
Turbo 频率高达2.55GHz，可用于各种类型和规模的企业级应用<=>Turbo frequency up to 2.55GHz.
上数万次低延迟性随机 I/O 操作（IOPS）。<=>Over 10K low latency random I/O operations (IOPS).
上海<=>Shanghai
上海一区<=>Shanghai Zone 1
上海三区<=>Shanghai Zone 3
上海二区<=>Shanghai Zone 2
上海四区<=>Shanghai Zone 4
上海金融<=>Shanghai Finance
上海金融一区<=>Shanghai Finance Zone 1
上海金融二区<=>Shanghai Finance Zone 2
业级应用及高网络包收发场景的业务场景。<=>Industry-level applications and scenarios requiring high network packet send/receive capability.
东京<=>Tokyo
东京一区<=>Tokyo Zone 1
东京节点覆盖东北亚用户，带宽主要面向海外，大陆访问延时较高。<=>Tokyo node serves Northeast Asia market. Accesses from Mainland China may encounter higher latency
东南亚地区<=>Southeast Asia
主频高达3.2GHz，搭配网络增强，包转发能力高达30w。<=>Up 3.2GHz clock speed, with network enhanced model, the packet forwarding rate could reach 300K PPS.
亚太东北<=>Northeast Asia-Pacific
亚太东南<=>Southeast Asia-Pacific
亚太南部<=>South Asia Pacific
亚太地区<=>Asia Pacific
低延迟性随机 I/O 操作（IOPS）。搭载网络增强，包转发<=>Low latency random I/O operations (IOPS); equipped with network enhanced model; the packet rate can reach__BLANK__
全新东南亚数据中心<=>New Southeast Asia DC
全新亚太南部数据中心<=>New Asia Pacific DC
全新亚太地区数据中心<=>New Asia Pacific DC
全新曼谷可用区<=>New Bangkok AZ
全新海外数据中心<=>New International IDC
全新美国东部可用区<=>New East US AZ
全新美国东部数据中心<=>New East US DC
全新美国西部数据中心<=>New West US DC
全新西南地区数据中心<=>New Southwest China DC
全面<=>All models__BLANK__
全面搭载25G，最高提供每秒上百万次网络收发能力。建议用于大型游戏服务<=>is equipped with 25G NIC, providing up to 1 million PPS, is the best choice for scenarios requiring high PPS performance, such as large-scale game servers
内存型<=>Memory Optimized
内存型M1<=>MEM-optimized M1
内存型M2<=>MEM-optimized M2
内存型M3<=>MEM-optimized M3
内存型M4<=>MEM-optimized M4
出色的图形处理能力和高性能计算能力为您提供极致计算性能。<=>Provides you extremely high performance via the excellent graphic process capability and computing capability.
包转发能力最高可达30w，整数和浮点运算的性能翻倍，整体计算能力更强。<=>Packet forwarding rate reaches 300K PPS. The integer and floating-point calculation performance doubles,and the overall computing capacity is stronger.
北京<=>Beijing
北京一区<=>Beijing Zone 1
北京三区<=>Beijing Zone 3
北京二区<=>Beijing Zone 2
北京四区<=>Beijing Zone 4
北美<=>North America
北美地区<=>North America
华东地区<=>East China
华北地区<=>North China
华南地区<=>South China
单核Turbo频率高达3.0GHz，可用于各种类型和规模的企业级应用<=>__BLANK__ a single-core turbo frequency of up to 3.0 GHz, suitable for enterprise applications of different types and sizes
印度<=>India
器、视频直播等高网络PPS需求场景<=>and video broadcasting
增强型SSD云硬盘<=>Enhanced SSD
处理器核心，单 GPU 最高可达 3.77 TFLOPS 单精度浮点运算<=>cores. Each GPU provides 3.77 TFLOPS single-precision peak floating-point performance
多伦多<=>Toronto
多伦多一区<=>Toronto Zone 1
多伦多二区<=>Toronto Zone 2
多伦多节点覆盖北美地区用户，带宽主要面向海外，大陆访问延时较高。<=>Toronto node serves North US market. Accesses from Mainland China may encounter higher latency
多伦多节点覆盖北美地区用户，带宽主要面向海外，大陆访问延时较高，<=>The Toronto node mainly serves North America users. Accesses from Mainland China may encounter higher latency.__BLANK__
大数据型<=>Big data
大数据型D1<=>D1
孟买<=>Mumbai
孟买一区<=>Mumbai Zone 1
孟买二区<=>Mumbai Zone 2
孟买节点覆盖亚太南部用户，带宽主要面向海外，大陆访问延时较高<=>Mumbai node serves South Asia Pacific market. Accesses from Mainland China may encounter higher latency
孟买节点覆盖亚太南部用户，带宽主要面向海外，大陆访问延时较高。<=>Mumbai node serves South Asia Pacific market. Accesses from Mainland China may encounter higher latency
实例 搭载25G网络环境，拥有更大带宽、更低时延，<=>Instances are equipped with 25GB network environment, providing larger bandwidth and lower latency,
实例为您提供极致计算性能，具有均衡GPU计算、内存、网络资源，<=>Instances provide you with the extremely high computing performance, with balanced GPU computing, memory and network resources,
实例为您提供理想的计算性能，具有均衡GPU计算、内存、网络资源，<=>__BLANK__instance provides ideal computing performance, featured by balanced GPU computing, memory, and network resources,
实例可实现计算、内存和网络资源的平衡。<=>__BLANK__instances keep a good balance of computing, memory, and network resources.__BLANK__.
实例可实现计算、内存和网络资源的平衡。搭配最新<=>__BLANK__keeps a good balance of computing, MEM and network resource, with the latest__BLANK__
实例可实现计算、内存和网络资源的平衡，<=>__BLANK__instances keep a good balance of computing, memory, and network resources.__BLANK__
实例存储，低延迟、极高的IOPS、高吞吐量的存储资源最高可达 100 万<=>have the advantage of low latency and high IOPS,
实例搭载海量存储资源，最高可达 48T SATA HDD<=>Instances are equipped with massive storage resources up to 48T SATA HDD
实例搭配 25G 网络环境，主频高达3.2GHz，<=>Instances are equipped with 25G network environment, clock rate of up to 3.2GHz,
实例是高内存计算能力的最佳选择。<=>__BLANK__instance is the best choice for high MEM and calculating capacity.
实例是高磁盘IO的最佳选择，提供每秒<=>__BLANK__ is the best choice for high disk IO applications, providing__BLANK__
实例是高磁盘IO的最佳选择，提供每秒上数万次<=>__BLANK__ is the best choice for high disk IO applications, providing over 10K of every seconds
实例是高网络收发包能力应用的最佳选择，<=>Instances are applicable to the applications requiring high network receive/send packet capability,
实例是高计算性能和高并发读写的应用的最佳选择。<=>__BLANK__instance is the best choice for applications with high calculating performance and high concurrent R/W requirements.
密集型业务<=>such as high performance relational database and Elasticsearch.
广州<=>Guangzhou
广州Open<=>Guangzhou Open
广州一区<=>Guangzhou Zone 1
广州三区<=>Guangzhou Zone 3
广州二区<=>Guangzhou Zone 2
广州五区<=>Guangzhou Zone 5
广州四区<=>Guangzhou Zone 4
建议用于中小型Web应用、中小型数据库<=>Applicable to medium-/small-scale Web applications and databases
建议用于基因组学研究、金融分析、图像压缩和实时视频处理等高性能计算服务<=>Applicable to application scenarios requiring high computing performance, such as genomics researches, financial analysis, image compression and live video broadcasting processing
建议用于大型游戏服务器、高性能计算以及其他计算密集型应用<=>Applicable to large-scale game servers, high-performance compute (HPC), and other intensive computing applications
建议用于运行高性能数据库、 分布式内存缓存<=>Applicable to high-performance database, distributed memory cache
建议用于运行高性能数据库、 分布式内存缓存等<=>Applicable to high-performance database, distributed memory cache and so on
建议用于适合低时延，I/O密集型应用<=>Applicable to low latency and high I/O applications
建议用于非线性编辑、视频编解码、图形加速可视化和3D设计等GPU 渲染场景<=>It's applicable to GPU rendering scenarios like nonlinear editing, video encoding/decoding, graphic process acceleration and 3D design
弗吉尼亚<=>Virginia
弗吉尼亚一区<=>Virginia Zone 1
弗吉尼亚二区<=>Virginia Zone 2
弗吉尼亚节点覆盖美国东部用户，带宽主要面向海外，大陆访问延时较高<=>Virginia node serves East US market. Accesses from Mainland China may encounter higher latency
弗吉尼亚节点覆盖美国东部用户，带宽主要面向海外，大陆访问延时较高。<=>Virginia node serves East US market. Accesses from Mainland China may encounter higher latency
成都<=>Chengdu
成都一区<=>Chengdu Zone 1
成都三区<=>Chengdu Zone 3
成都二区<=>Chengdu Zone 2
成都节点可覆盖中国西南地区用户<=>Chengdu node serves users in Southwest China
批量计算型<=>Batch Compute Optimized
批量计算型BC1<=>Batch Compute BC1
批量通用型<=>Batch General Optimized
批量通用型BS1<=>Batch Standard BS1
拥有更大带宽、更低时延，超高主频，网络收发包性能达 70万 PPS，<=>Provide larger bandwidth, lower latency, ultra-high clock rate, network receive/send packet capability of up to 700,000 PPS,
拥有更大带宽、更低时延，超高主频，网络收发包性能达 70万 PPS，<=>Provide larger bandwidth, lower latency, ultra-high clock rate, network receive/send packet capability of up to 700,000 PPS,
提供基于NVMe<=>based on NVMe protocol
搭载NVIDIA P4 计算卡，建议用于深度学习推理和视频编解码<=>Equipped with a NVDIA P4 compute card, fit for deep learning, inference, and video encoding/decoding
搭载Nvidia P40 计算卡，建议用于深度学习、科学计算及其他 GPU 计算工作负载<=>Equipped with Nvidia P40 compute card, applicable to deep learning, scientific computing and other GPU computing workloads
搭载Tesla M40加速器，建议用于视频编解码、深度学习、科学计算等多种场景<=>Equipped with Tesla M40 accelerator. it's capable for video encoding/decoding, deep learning and scientific computing
搭配 AMD 最新 S7150 系列 GPU，单 GPU 核心具有 2048 个<=>, equipped with AMD S7150 GPU,. which has 2048 processor
搭配最新Intel skylake CPU，主频高达3.2GHz，建议用于大型<=>Equipped with the latest Intel Skylake CPU (up to 3.2 GHz), applicable to large-scale__BLANK__
搭配网络增强，<=>are using network enhanced configuration,__BLANK__
搭配网络增强，包转发能力最高可达30w,<=>are using network enhanced configuration, the packet rate can reach 300k PPS,__BLANK__,
新加坡<=>Singapore
新加坡一区<=>Singapore Zone 1
新加坡二区<=>Singapore Zone 2
新加坡节点覆盖东南亚地区用户，带宽主要面向海外，大陆访问延时较高<=>Singapore node serves Southeast Asia market. Accesses from Mainland China may encounter higher latency
是基于FPGA现场可编程阵列的计算服务，搭载Xilinx KU115加速器，<=>are based on FPGA( Field-Programmable Gate Array), equipped with Xilinx KU115 accelerator,
是高网络收发包能力应用的最佳<=>providing up to 1 million PPS,
普通云硬盘<=>HDD Cloud Storage
更大内存带宽、更低网络时延，整数和浮点运算性能相比系列2提升40%，整体计算能力更强<=>larger MEM bandwidth, lower network latency
曼谷<=>Bangkok
曼谷一区<=>Bangkok Zone 1
曼谷二区<=>Bangkok Zone 2
曼谷节点覆盖东南亚地区用户，带宽主要面向海外，大陆访问延时较高<=>Bangkok node serves South East Asia market. Accesses from Mainland China may encounter higher latency
曼谷节点覆盖亚太东南地区用户，带宽主要面向海外，大陆访问延时较高<=>Bangkok node serves Southeast Asia Pacific market. Accesses from Mainland China may encounter higher latency
曼谷节点覆盖亚太东南地区用户，带宽主要面向海外，大陆访问延时较高。<=>Bangkok node serves Southeast Asia Pacific market. Accesses from Mainland China may encounter higher latency
最高提供每秒上百万次网络收发能力。建议用于大型游戏<=>With the send/receive rate up to millions of PPS,it is applicable to large games
服务器、视频直播等高网络PPS需求场景<=>It is applicable to the scenarios requiring high network PPS such as servers and live video broadcasting
本地SSD硬盘<=>Local SSD disk
本地硬盘<=>Local disk
标准型<=>Standard
标准型 SA1 实例<=>Standard SA1 Instance
标准型 SN3 实例<=>Standard SN3
标准型S1<=>Standard S1
标准型S2<=>Standard S2
标准型S3<=>Standard S3
标准型S3 实例可实现计算、内存和网络资源的平衡。搭配最新<=>Standard S3 instance keeps a good balance of computing, memory, and network resources. It is equipped with the latest__BLANK__
标准型S4<=>Standard type S4
标准型SA1<=>Standard SA1
标准网络优化型<=>Standard network-optimized
标准网络优化型 S2ne 实例<=>Standard network-optimized S2ne
标准网络优化型 SN3ne 实例<=>Standard network-optimized SN3ne
标准网络优化型S2ne<=>Standard network optimized S2ne
标准网络优化型SN3ne<=>Standard network optimized SN3ne
标准网络增强型<=>Standard Network Enhanced
标准网络增强型SN2<=>Standard Network Enhanced SN2
欢迎<=>Welcome__BLANK__
欢迎选购全新万兆上海二区<=>New Shanghai Zone 2
欢迎选购全新万兆上海金融二区<=>New Shanghai Finance Zone 2
欢迎选购全新万兆北京三区<=>New Beijing Zone 3
欢迎选购全新万兆北京二区<=>New Beijing Zone 2
欢迎选购全新万兆广州新可用区<=>New
欢迎选购全新万兆西南地区<=>New
欢迎选购全新亚太南部数据中心<=>New South Asia Pacific DC
欢迎选购全新可用区<=>New Availability Zones
欢迎选购全新海外数据中心<=>New international data centers
欢迎选购全新硅谷可用区<=>New Silicon Valley Zone
欢迎选购全新美国东部数据中心<=>New East US DC
欧洲地区<=>Europe
法兰克福<=>Frankfurt
法兰克福一区<=>Frankfurt Zone 1
法兰克福二区<=>Frankfurt Zone 2
法兰克福节点覆盖欧洲地区用户，带宽主要面向海外，大陆访问延时较高<=>Frankfurt node serves Europe market. Accesses from Mainland China may encounter higher latency
法兰克福节点覆盖欧洲地区用户，带宽主要面向海外，大陆访问延时较高。<=>Frankfurt node serves Europe market. Accesses from Mainland China may encounter higher latency
注意：该地区的云服务器重装时不支持Linux和Windows系统互换<=>Note: Switching between Linux and Windows is not supported for CVMs in this region
注意：该地域的云服务器重装时不支持Linux和Windows系统互换<=>Note: Switching between Linux and Windows is not supported for CVMs in this region
深圳金融<=>Shenzhen Finance
深圳金融一区<=>Shenzhen Finance Zone 1
深圳金融三区<=>Shenzhen Finance Zone 3
深圳金融二区<=>Shenzhen Finance Zone 2
游戏服务器、高性能计算以及其他计算密集型应用<=>game servers, high-performance computing and any other compute-intensive applications
独享型<=>Exclusive
申请<=>Apply
硅谷<=>Silicon Valley
硅谷一区<=>Silicon Valley Zone 1
硅谷三区<=>Silicon Valley Zone 3
硅谷二区<=>Silicon Valley Zone 2
硅谷节点覆盖美国西部用户，带宽主要面向海外，大陆访问延时较高<=>Silicon valley node serves West US market. Accesses from Mainland China may encounter higher latency
硅谷节点覆盖美国西部用户，带宽主要面向海外，大陆访问延时较高。<=>Silicon valley node serves West US market. Accesses from Mainland China may encounter higher latency
等需要大量的内存操作、查找和计算的应用<=>__BLANK__and other applications that require a large number of memory operations, search, and computing operations
系列 1 采用 Intel Xeon CPU，DDR3 的内存<=>Series 1 instances use Intel Xeon CPU and DDR3 RAM
系列 2 采用 Intel Broadwell CPU、DDR4内存，拥有更好的计算能力，<=>Series 2 instances are equipped with Intel Broadwell CPU, DDR4 RAM.__BLANK__
系列 3 采用 Intel skylake CPU、DDR4内存，拥有更好的计算能力，全面搭配网络增强，具有更高计算性能、<=>Series 3 instances are equipped with Intel Skylake CPU, DDR4 RAM, providing better computing capability. All models are using network enhanced configurations
系列1<=>Series 1
系列2<=>Series 2
系列3<=>Series 3
系列 2 较系列 1 进行了硬件升级，采用 Intel Broadwell CPU、DDR4内存，<=>Compared with Series 1,Series 2 are upgraded in hardware, and adopt Intel Broadwell CPU and DDR4 RAM
系列 2 采用 Intel Broadwell CPU、DDR4 内存，拥有更好的内存计算能力；高IO型/计算型<=>Equipped with Intel Broadwell CPU, DDR4 RAM,high IO type/computing type
网络优化型<=>Network Optimized
网络优化型N1<=>Network-Optimized N1
美国东部<=>East US
美国西部<=>West US
能力高达30w。建议用于适合低时延，I/O密集型应用<=>__BLANK__up to 300K. It is applicable to applications requiring low latency and high I/O
能力高达40w。建议用于适合低时延，I/O密集型应用<=>__BLANK__up to 400K. It is applicable to applications requiring low latency and high I/O
莫斯科<=>Moscow
莫斯科一区<=>Moscow Zone 1
莫斯科二区<=>Moscow Zone 2
莫斯科节点覆盖欧洲地区用户，带宽主要面向海外，大陆访问延时较高。<=>Moscow node serves Europe market. Accesses from Mainland China may encounter higher latency
西南地区<=>Southwest China
计算型<=>Compute Optimized
计算型C2<=>Compute C2
计算型C2 实例是高计算性能和高并发读写的应用的最佳选择。<=>C2 instances are applicable to applications requiring high computing performance and frequent concurrent read/write operations.
计算型C3<=>Compute C3
计算性能稳定，网络收发包性能达 70万 PPS，适合各种类型和规模的企<=>Equipped with stable calculating performance, network send/receive packet rate up to 700,000 PPS, it is applicable to all types and sizes of enterprises
计算网络增强型<=>Compute Network Enhanced
计算网络增强型 CN2<=>CN2
计算网络增强型CN2<=>Compute Network Enhanced CN2
计算网络增强型CN3<=>Compute Network Enhanced CN3
适合 Hadoop分布式计算、并行数据处理等吞吐密集型业务使用<=>Applicable to the throughput-intensive services such as Hadoop distributed computing and parallel data processing
适合需要高计算资源消耗及高网络包收发场景的应用场景。<=>Applicable to applications requiring high computing resource consumption and high network send/receive packet.
选择，最高提供每秒上百万次网络收发能力。建议用于大型游戏服务<=>is the best choice for scenarios requiring high PPS performance, such as large-scale game servers
采用 AMD EPYC™ 7551处理器，基准频率为 2.0 GHz，<=>AMD EPYC™ 7551, with a base clock of 2.0 GHz and __BLANK__
采用 AMD EPYC™ 7551处理器，基准频率为2.2GHz，<=>AMD EPYC™ 7551, with a base clock of 2.2 GHz and __BLANK__
采用 Intel Xeon CPU，DDR3 的内存<=>Use Intel Xeon CPU and DDR3 memory
重庆<=>Chongqing
重庆一区<=>Chongqing Zone 1
重庆二区<=>Chongqing Zone 2
重庆节点覆盖中国西南地区用户<=>Chongqing node serves users in Southwest China
需要大量的内存操作、查找和计算的应用<=>Applications requiring frequent memory operation, query and calculating
首尔<=>Seoul
首尔一区<=>Seoul Zone 1
首尔二区<=>Seoul Zone 2
首尔节点覆盖东北亚用户，带宽主要面向海外，大陆访问延时较高<=>Seoul node serves Northeast Asia market. Accesses from Mainland China may encounter higher latency
首尔节点覆盖东北亚用户，带宽主要面向海外，大陆访问延时较高。<=>Seoul node serves Northeast Asia market. Accesses from Mainland China may encounter higher latency
香港<=>Hong Kong
香港一区<=>Hong Kong Zone 1
香港三区<=>Hong Kong Zone 3
香港二区<=>Hong Kong Zone 2
香港节点覆盖东南亚地区用户，带宽主要面向海外，大陆访问延时较高<=>Hong Kong node serves Southeast Asia market. Accesses from Mainland China may encounter higher latency
香港节点覆盖东南亚地区用户，带宽主要面向海外，大陆访问延时较高。<=>Hong Kong node serves Southeast Asia market. Accesses from Mainland China may encounter higher latency
高IO型<=>High IO
高IO型 IN3<=>High IO IN3
高IO型I1<=>High IO I1
高IO型I2<=>High IO I2
高IO型I3<=>High IO I3
高性能云硬盘<=>Premium Cloud Storage
GPU计算型GN10S<=>GPU计算型GN10S
GPU计算型GN10X<=>GPU计算型GN10X
GPU计算型GN6S<=>GPU计算型GN6S
上海金融三区<=>上海金融三区
大数据型D2<=>Big Data D2
大数据型DS2<=>Big Data DS2
存储增强型SE1<=>存储增强型SE1
杭州EC<=>Hangzhou EC
杭州EC一区<=>Hangzhou EC Zone One
杭州为边缘节点（EC，Edge Computing）<=>杭州为边缘节点（EC，Edge Computing）
济南EC<=>Jinan EC
济南EC一区<=>Jinan EC Zone TWO
济南为边缘节点（EC，Edge Computing）<=>济南为边缘节点（EC，Edge Computing）
裸金属大数据型BMD2<=>裸金属大数据型BMD2
裸金属标准型BMS4<=>裸金属标准型BMS4