FPGA型FX2<=>FPGA型FX2
GPU渲染型GA2<=>GPUレンダリング型GA2
GPU计算型GN10<=>GPUコンピューティング型GN10
GPU计算型GN10S<=>GPUコンピューティング型GN10S
GPU计算型GN10X<=>GPUコンピューティング型GN10X
GPU计算型GN2<=>GPUコンピューティング型GN2
GPU计算型GN6<=>GPUコンピューティング型GN6
GPU计算型GN6S<=>GPUコンピューティング型GN6S
GPU计算型GN8<=>GPUコンピューティング型GN8
Open专区<=>Open専門地区
SSD云硬盘<=>SSDクラウドディスク
上海<=>上海
上海一区<=>上海1区
上海三区<=>上海3区
上海二区<=>上海2区
上海四区<=>上海4区
上海金融<=>上海金融
上海金融一区<=>上海金融1区
上海金融三区<=>上海金融3区
上海金融二区<=>上海金融2区
东京<=>東京
东京一区<=>東京1区
亚太东北<=>アジア太平洋地区東北部
亚太东南<=>アジア太平洋地区東南部
亚太南部<=>アジア太平洋地区南部
内存型M1<=>メモリ型M1
内存型M2<=>メモリ型M2
内存型M3<=>メモリ型M3
内存型M4<=>メモリ型M4
北京<=>北京
北京一区<=>北京1区
北京三区<=>北京3区
北京二区<=>北京2区
北京四区<=>北京4区
北美地区<=>北米地区
华东地区<=>華東地区
华北地区<=>華北地区
华南地区<=>華南地区
增强型SSD云硬盘<=>拡張型SSDクラウドディスク
多伦多<=>トロント
多伦多一区<=>トロント1区
大数据型D1<=>ビッグデータ型D1
大数据型D2<=>ビッグデータ型D2
大数据型DS2<=>ビッグデータ型DS2
存储增强型SE1<=>ストレージ拡張型SE1
孟买<=>ムンバイ
孟买一区<=>ムンバイ1区
孟买二区<=>ムンバイ2区
广州<=>広州
广州Open<=>広州Open
广州一区<=>広州1区
广州三区<=>広州3区
广州二区<=>広州2区
广州四区<=>広州4区
弗吉尼亚<=>バージニア州
弗吉尼亚一区<=>バージニア州1区
成都<=>成都
成都一区<=>成都1区
成都二区<=>成都2区
批量计算型BC1<=>一括計算型BC1
批量通用型BS1<=>一括汎用型BS1
新加坡<=>シンガポール
新加坡一区<=>シンガポール1区
普通云硬盘<=>一般クラウドディスク
曼谷<=>バンコク
曼谷一区<=>バンコク1区
本地SSD硬盘<=>ローカルSSDディスク
本地硬盘<=>ローカルディスク
标准型S1<=>標準型S1
标准型S2<=>標準型S2
标准型S3<=>標準型S3
标准型S4<=>標準型S4
标准型SA1<=>標準型SA1
标准网络优化型S2ne<=>標準ネットワーク最適化型S2ne
标准网络优化型SN3ne<=>標準ネットワーク最適化型SN3ne
标准网络增强型SN2<=>標準ネットワーク拡張型SN2
欧洲地区<=>欧州地区
法兰克福<=>フランクフルト
法兰克福一区<=>フランクフルト1区
济南EC<=>済南EC
济南EC一区<=>済南EC 1区
济南为边缘节点（EC，Edge Computing）<=>済南はエッジノード（EC, Edge Computing）です
深圳金融<=>深セン金融
深圳金融一区<=>深セン金融1区
深圳金融三区<=>深セン金融3区
深圳金融二区<=>深セン金融2区
独享型<=>専用型
硅谷<=>シリコンバレー
硅谷一区<=>シリコンバレー1区
硅谷二区<=>シリコンバレー2区
网络优化型N1<=>ネットワーク最適化型N1
美国东部<=>米国東部
美国西部<=>米国西部
莫斯科<=>モスクワ
莫斯科一区<=>モスクワ1区
裸金属实例标准型<=>BMインスタンス標準型
裸金属标准型BMS4<=>ベアメタルの標準型BMS4
西南地区<=>西南地区
计算型C2<=>コンピューティング型C2
计算型C3<=>コンピューティング型C3
计算网络增强型CN2<=>コンピューティングネットワーク拡張型CN2
计算网络增强型CN3<=>コンピューティングネットワーク拡張型CN3
重庆<=>重慶
重庆一区<=>重慶1区
首尔<=>ソウル
首尔一区<=>ソウル1区
香港<=>香港
香港一区<=>香港1区
香港二区<=>香港2区
高IO型I1<=>High IO　I1
高IO型I2<=>High IO　I2
高IO型I3<=>High IO　I3
高性能云硬盘<=>高性能クラウドディスク
东京节点覆盖东北亚用户，带宽主要面向海外，大陆访问延时较高。<=>
多伦多节点覆盖北美地区用户，带宽主要面向海外，大陆访问延时较高。<=>
孟买节点覆盖亚太南部用户，带宽主要面向海外，大陆访问延时较高。<=>
弗吉尼亚节点覆盖美国东部用户，带宽主要面向海外，大陆访问延时较高。<=>
成都节点可覆盖中国西南地区用户<=>
新加坡节点覆盖东南亚地区用户，带宽主要面向海外，大陆访问延时较高<=>
曼谷节点覆盖亚太东南地区用户，带宽主要面向海外，大陆访问延时较高。<=>
杭州EC<=>
杭州EC一区<=>
杭州为边缘节点（EC，Edge Computing）<=>
欢迎选购全新万兆上海金融二区<=>
法兰克福节点覆盖欧洲地区用户，带宽主要面向海外，大陆访问延时较高。<=>
注意：该地域的云服务器重装时不支持Linux和Windows系统互换<=>
硅谷节点覆盖美国西部用户，带宽主要面向海外，大陆访问延时较高。<=>
莫斯科节点覆盖欧洲地区用户，带宽主要面向海外，大陆访问延时较高。<=>
裸金属大数据型BMD2<=>
重庆节点覆盖中国西南地区用户<=>
首尔节点覆盖东北亚用户，带宽主要面向海外，大陆访问延时较高。<=>
香港节点覆盖东南亚地区用户，带宽主要面向海外，大陆访问延时较高。<=>