FPGA型FX2<=>FPGA형 FX2
GPU渲染型GA2<=>GPU 렌더링형 GA2
GPU计算型GN10<=>GPU 컴퓨팅형 GN10
GPU计算型GN10S<=>GPU 컴퓨팅형 GN10S
GPU计算型GN10X<=>GPU Compute GN10X
GPU计算型GN2<=>GPU 컴퓨팅형 GN2
GPU计算型GN6<=>GPU 컴퓨팅형 GN6
GPU计算型GN6S<=>GPU 컴퓨팅형 GN6S
GPU计算型GN8<=>GPU 컴퓨팅형 GN8
SSD云硬盘<=>SSD Cloud Block Storage
上海<=>상하이
上海一区<=>상하이 1지역
上海三区<=>상하이 3지역
上海二区<=>상하이 2지역
上海四区<=>상하이 4지역
上海金融<=>상하이 금융
上海金融一区<=>상하이 금융 1지역
上海金融三区<=>상하이 금융 3지역
上海金融二区<=>상하이 금융 2지역
东京<=>도쿄
东京一区<=>도쿄 1지역
亚太南部<=>아시아･태평양 남부
内存型M1<=>MEM형 M1
内存型M2<=>MEM형 M2
内存型M3<=>MEM형 M3
内存型M4<=>MEM형 M4
北京<=>베이징
北京一区<=>베이징 1지역
北京三区<=>베이징 3지역
北京二区<=>베이징 2지역
北京四区<=>베이징 4지역
北美一区<=>북미 1지역
华东地区<=>화둥 지역
华北地区<=>화북 지역
华南地区<=>화남 지역
华南地区(广州Open)-Open专区<=>화남 지역(광저우 Open) - Open 지역
增强型SSD云硬盘<=>강화형 SSD Cloud Block Storage
多伦多<=>토론토
多伦多一区<=>토론토 1지역
多伦多二区<=>토론토 2지역
孟买<=>뭄바이
孟买一区<=>뭄바이 1지역
孟买二区<=>뭄바이 2지역
广州<=>광저우
广州Open<=>광저우 Open
广州一区<=>광저우 1지역
广州三区<=>광저우 3지역
广州二区<=>광저우 2지역
广州四区<=>광저우 4지역
弗吉尼亚<=>버지니아
弗吉尼亚一区<=>버지니아 1지역
弗吉尼亚二区<=>버지니아 2지역
成都<=>청두
成都一区<=>청두 1지역
成都三区<=>청두 3지역
成都二区<=>청두 2지역
批量计算型BC1<=>일괄 계산형 BC1
批量通用型BS1<=>대량 범용형 BS1
新加坡<=>싱가포르
新加坡一区<=>싱가포르 1지역
新加坡二区<=>싱가포르 2지역
普通云硬盘<=>일반 Cloud Block Storage
曼谷<=>방콕
曼谷一区<=>방콕 1지역
曼谷二区<=>방콕 2지역
本地SSD硬盘<=>로컬 SSD 하드 디스크
本地硬盘<=>로컬 디스크
标准型S1<=>표준형 S1
标准型S2<=>표준형 S2
标准型S3<=>표준형 S3
标准型S4<=>표준형 S4
标准型SA1<=>표준형 SA1
标准网络优化型S2ne<=>표준 네트워크 최적화형 S2ne
标准网络优化型SN3ne<=>표준 네트워크 최적화형 SN3ne
标准网络增强型SN2<=>표준 네크워크 강화형 SN2
法兰克福<=>프랑크푸르트
法兰克福一区<=>프랑크푸르트 1지역
法兰克福二区<=>프랑크푸르트 2지역
深圳金融<=>선전 금융
深圳金融一区<=>선전 금융 1지역
深圳金融三区<=>선전 금융 3지역
深圳金融二区<=>선전 금융 2지역
独享型<=>독점형
硅谷<=>실리콘 밸리
硅谷一区<=>실리콘 밸리 1지역
硅谷三区<=>실리콘 밸리 3지역
硅谷二区<=>실리콘 밸리 2지역
网络优化型N1<=>네트워크 최적화형 N1
莫斯科<=>모스크바
莫斯科一区<=>모스크바 1지역
莫斯科二区<=>모스크바 2지역
裸金属标准型BMS4<=>BM 표준형 BMS4
西南地区<=>서남 지역
计算型C2<=>계산형 C2
计算型C3<=>계산형 C3
计算网络增强型CN2<=>컴퓨팅 네트워크 강화형 CN2
重庆<=>충칭
重庆一区<=>충칭 1지역
重庆二区<=>충칭 2지역
首尔<=>서울
首尔一区<=>서울 1지역
香港<=>홍콩
香港一区<=>홍콩 1지역
香港三区<=>홍콩 3지역
香港二区<=>홍콩 2지역
高IO型I1<=>고성능 IO I1
高IO型I2<=>고성능 IO I2
高IO型I3<=>고성능 IO I3
高性能云硬盘<=>프리미엄 Cloud Block Storage
Open专区<=>
东京节点覆盖东北亚用户，带宽主要面向海外，大陆访问延时较高。<=>
亚太东北<=>
亚太东南<=>
北美地区<=>
多伦多节点覆盖北美地区用户，带宽主要面向海外，大陆访问延时较高。<=>
大数据型D1<=>
大数据型D2<=>
大数据型DS2<=>
存储增强型SE1<=>
孟买节点覆盖亚太南部用户，带宽主要面向海外，大陆访问延时较高。<=>
弗吉尼亚节点覆盖美国东部用户，带宽主要面向海外，大陆访问延时较高。<=>
成都节点可覆盖中国西南地区用户<=>
新加坡节点覆盖东南亚地区用户，带宽主要面向海外，大陆访问延时较高<=>
曼谷节点覆盖亚太东南地区用户，带宽主要面向海外，大陆访问延时较高。<=>
杭州EC<=>
杭州EC一区<=>
杭州为边缘节点（EC，Edge Computing）<=>
欢迎选购全新万兆上海金融二区<=>
欧洲地区<=>
法兰克福节点覆盖欧洲地区用户，带宽主要面向海外，大陆访问延时较高。<=>
注意：该地域的云服务器重装时不支持Linux和Windows系统互换<=>
济南EC<=>
济南EC一区<=>
济南为边缘节点（EC，Edge Computing）<=>
硅谷节点覆盖美国西部用户，带宽主要面向海外，大陆访问延时较高。<=>
美国东部<=>
美国西部<=>
莫斯科节点覆盖欧洲地区用户，带宽主要面向海外，大陆访问延时较高。<=>
裸金属大数据型BMD2<=>
计算网络增强型CN3<=>
重庆节点覆盖中国西南地区用户<=>
首尔节点覆盖东北亚用户，带宽主要面向海外，大陆访问延时较高。<=>
香港节点覆盖东南亚地区用户，带宽主要面向海外，大陆访问延时较高。<=>